Checking that JavaScript and Markdown files are under 1500 lines...
./scripts/instant-version-bump.mjs: 172 lines
./scripts/check-web-archive.mjs: 263 lines
./scripts/format-release-notes-helpers.mjs: 17 lines
./scripts/create-manual-changeset.mjs: 100 lines
./scripts/version-and-commit.mjs: 284 lines
./scripts/create-github-release.mjs: 309 lines
./scripts/update-preview-images.mjs: 346 lines
./scripts/package-info.mjs: 97 lines
./scripts/format-release-notes.mjs: 230 lines
./scripts/smoke-test-package.mjs: 541 lines
./scripts/publish-failure-classifier.mjs: 77 lines
./scripts/publish-to-npm.mjs: 350 lines
./scripts/format-github-release.mjs: 112 lines
./scripts/check-release-needed.mjs: 123 lines
./scripts/check-version.mjs: 129 lines
./scripts/validate-changeset.mjs: 276 lines
./scripts/changeset-version.mjs: 75 lines
./scripts/setup-npm.mjs: 265 lines
./scripts/wait-for-npm.mjs: 191 lines
./scripts/check-changesets.mjs: 128 lines
./scripts/detect-code-changes.mjs: 178 lines
./scripts/merge-changesets.mjs: 287 lines
./scripts/release-naming.mjs: 74 lines
./scripts/check-docker-publish.mjs: 143 lines
./scripts/js-paths.mjs: 177 lines
./eslint.config.js: 108 lines
./src/index.js: 705 lines
./README.md: 381 lines
./examples/basic-usage.js: 27 lines
./examples/universal-app/dist/assets/index-C49_oBaE.js: 32 lines
./examples/universal-app/src/main.js: 6 lines
./examples/universal-app/src/App.js: 542 lines
./examples/universal-app/src/mnistSamples.js: 700 lines
./examples/universal-app/electron/main.cjs: 53 lines
./examples/universal-app/electron/preload.cjs: 7 lines
./examples/universal-app/README.md: 84 lines
./examples/universal-app/vite.config.js: 25 lines
./examples/universal-app/forge.config.cjs: 36 lines
./experiments/test-changeset-scripts.mjs: 303 lines
./experiments/test-format-no-hash.mjs: 43 lines
./experiments/test-check-release-needed.mjs: 104 lines
./experiments/test-failure-detection.mjs: 143 lines
./experiments/test-format-patch-changes.mjs: 46 lines
./experiments/test-format-major-changes.mjs: 49 lines
./experiments/test-detect-changes.mjs: 178 lines
./experiments/test-format-minor-changes.mjs: 52 lines
./experiments/prepare-mnist-samples.mjs: 107 lines
./bin/example-package-name.js: 95 lines
./docs/case-studies/issue-25/README.md: 187 lines
./docs/case-studies/issue-25/DETAILED-COMPARISON.md: 352 lines
./docs/case-studies/issue-13/README.md: 195 lines
./docs/case-studies/issue-21/README.md: 384 lines
./docs/case-studies/issue-36/README.md: 96 lines
./docs/case-studies/issue-42/README.md: 107 lines
./docs/case-studies/issue-38/CASE-STUDY.md: 80 lines
./docs/case-studies/issue-1/README.md: 80 lines
./docs/case-studies/issue-75/CASE-STUDY.md: 62 lines
./docs/case-studies/issue-56/README.md: 142 lines
./docs/case-studies/issue-41/README.md: 166 lines
./docs/case-studies/issue-23/README.md: 218 lines
./docs/case-studies/issue-40/README.md: 167 lines
./docs/case-studies/issue-40/CICD-COMPARISON.md: 69 lines
./docs/case-studies/issue-3/README.md: 189 lines
./docs/case-studies/issue-3/research-notes.md: 65 lines
./docs/case-studies/issue-3/created-issues.md: 20 lines
./docs/case-studies/issue-31/README.md: 97 lines
./docs/case-studies/issue-58/README.md: 193 lines
./docs/case-studies/issue-29/README.md: 79 lines
./docs/case-studies/issue-33/README.md: 118 lines
./docs/case-studies/issue-7/FORMATTER-COMPARISON.md: 649 lines
./docs/case-studies/issue-7/BEST-PRACTICES-COMPARISON.md: 334 lines
./docs/CONTRIBUTING.md: 181 lines
./docs/BEST-PRACTICES.md: 237 lines
./tests/merge-changesets.test.js: 101 lines
./tests/tag-prefix.test.js: 42 lines
./tests/universal-app.test.js: 148 lines
./tests/create-github-release.test.js: 471 lines
./tests/release-naming.test.js: 124 lines
./tests/ci-timeouts.test.js: 101 lines
./tests/package-metadata.test.js: 95 lines
./tests/package-info.test.js: 68 lines
./tests/publish-failure-classifier.test.js: 80 lines
./tests/release-badge.test.js: 55 lines
./tests/setup-buildx-resilient.test.js: 169 lines
./tests/detect-code-changes.test.js: 119 lines
./tests/workflow-reliability.test.js: 257 lines
./tests/index.test.js: 35 lines
./tests/smoke-test-package.test.js: 194 lines
./tests/setup-npm.test.js: 64 lines
./tests/docker-publish.test.js: 183 lines
./tests/check-file-line-limits.test.js: 205 lines
./tests/check-changesets.test.js: 133 lines
./tests/vectorization.test.js: 137 lines
./.changeset/clean-ci-false-positives.md: 5 lines
./.changeset/README.md: 8 lines
./CHANGELOG.md: 359 lines

Checking that .github/workflows/release.yml is under 1500 lines...
.github/workflows/release.yml: 630 lines

All checked files are within the 1500 line limit!
