Downloading Chrome for Testing 147.0.7727.15 (playwright chromium v1217)[2m from https://cdn.playwright.dev/builds/cft/147.0.7727.15/linux64/chrome-linux64.zip[22m
|                                                                                |   0% of 170.4 MiB
|■■■■■■■■                                                                        |  10% of 170.4 MiB
|■■■■■■■■■■■■■■■■                                                                |  20% of 170.4 MiB
|■■■■■■■■■■■■■■■■■■■■■■■■                                                        |  30% of 170.4 MiB
|■■■■■■■■■■■■■■■■■■■■■■■■■■■■■■■■                                                |  40% of 170.4 MiB
|■■■■■■■■■■■■■■■■■■■■■■■■■■■■■■■■■■■■■■■■                                        |  50% of 170.4 MiB
|■■■■■■■■■■■■■■■■■■■■■■■■■■■■■■■■■■■■■■■■■■■■■■■■                                |  60% of 170.4 MiB
|■■■■■■■■■■■■■■■■■■■■■■■■■■■■■■■■■■■■■■■■■■■■■■■■■■■■■■■■                        |  70% of 170.4 MiB
|■■■■■■■■■■■■■■■■■■■■■■■■■■■■■■■■■■■■■■■■■■■■■■■■■■■■■■■■■■■■■■■■                |  80% of 170.4 MiB
|■■■■■■■■■■■■■■■■■■■■■■■■■■■■■■■■■■■■■■■■■■■■■■■■■■■■■■■■■■■■■■■■■■■■■■■■        |  90% of 170.4 MiB
|■■■■■■■■■■■■■■■■■■■■■■■■■■■■■■■■■■■■■■■■■■■■■■■■■■■■■■■■■■■■■■■■■■■■■■■■■■■■■■■■| 100% of 170.4 MiB
Chrome for Testing 147.0.7727.15 (playwright chromium v1217) downloaded to /home/box/.cache/ms-playwright/chromium-1217
Downloading Chrome Headless Shell 147.0.7727.15 (playwright chromium-headless-shell v1217)[2m from https://cdn.playwright.dev/builds/cft/147.0.7727.15/linux64/chrome-headless-shell-linux64.zip[22m
|                                                                                |   0% of 112 MiB
|■■■■■■■■                                                                        |  10% of 112 MiB
|■■■■■■■■■■■■■■■■                                                                |  20% of 112 MiB
|■■■■■■■■■■■■■■■■■■■■■■■■                                                        |  30% of 112 MiB
|■■■■■■■■■■■■■■■■■■■■■■■■■■■■■■■■                                                |  40% of 112 MiB
|■■■■■■■■■■■■■■■■■■■■■■■■■■■■■■■■■■■■■■■■                                        |  50% of 112 MiB
|■■■■■■■■■■■■■■■■■■■■■■■■■■■■■■■■■■■■■■■■■■■■■■■■                                |  60% of 112 MiB
|■■■■■■■■■■■■■■■■■■■■■■■■■■■■■■■■■■■■■■■■■■■■■■■■■■■■■■■■                        |  70% of 112 MiB
|■■■■■■■■■■■■■■■■■■■■■■■■■■■■■■■■■■■■■■■■■■■■■■■■■■■■■■■■■■■■■■■■                |  80% of 112 MiB
|■■■■■■■■■■■■■■■■■■■■■■■■■■■■■■■■■■■■■■■■■■■■■■■■■■■■■■■■■■■■■■■■■■■■■■■■        |  90% of 112 MiB
|■■■■■■■■■■■■■■■■■■■■■■■■■■■■■■■■■■■■■■■■■■■■■■■■■■■■■■■■■■■■■■■■■■■■■■■■■■■■■■■■| 100% of 112 MiB
Chrome Headless Shell 147.0.7727.15 (playwright chromium-headless-shell v1217) downloaded to /home/box/.cache/ms-playwright/chromium_headless_shell-1217
